GDTEST_ANALYZER_ERROR
"@oninstantiated" annotation can only be used once per variable.
