GDTEST_ANALYZER_ERROR
"@oninstantiated" annotation cannot be used with "@onready".
