GDTEST_ANALYZER_ERROR
"@oninstantiated" annotation cannot be applied to a static variable.
