GDTEST_ANALYZER_ERROR
"@onready" annotation cannot be used with "@oninstantiated".
