GDTEST_OK
>> WARNING
>> Line: 3
>> ONINSTANTIATED_WITH_EXPORT
>> "@oninstantiated" will set the default value after "@export" takes effect and will override it.
